// Jest Snapshot v1, https://goo.gl/fbAQLP

exports[`[Component] Indicator 스냅샷 테스트 1`] = `
<div>
  <svg
    class="indicator"
    viewBox="0 0 100 100"
  >
    <circle
      class="circle"
      cx="50"
      cy="50"
      r="45"
    />
  </svg>
</div>
`;
